// Vitest Snapshot v1

exports[`Appliance.vue > Match snapshot 1`] = `"<nav data-v-517c5da5=\\"\\"><a data-v-517c5da5=\\"\\"> HOME </a> | <a data-v-517c5da5=\\"\\"> APPARATEN </a> | <a data-v-517c5da5=\\"\\"> MIJN RESERVATIE <span id=\\"appliances-number\\" data-v-517c5da5=\\"\\">60</span></a></nav>"`;
